// Jest Snapshot v1, https://goo.gl/fbAQLP

exports[`<CatList /> when fetching is complete should render a list of cats 1`] = `
<div>
  <div
    class="container"
  >
    <div
      class="cats"
    >
      <a
        href="/1"
      >
        <img
          alt="Cat"
          class="image"
          src="cat1.jpg"
        />
      </a>
      <a
        href="/2"
      >
        <img
          alt="Cat"
          class="image"
          src="cat2.jpg"
        />
      </a>
    </div>
    <div
      class="loadMore"
    >
      <button
        class="loadMore"
      >
        Load more
      </button>
    </div>
  </div>
</div>
`;

exports[`<CatList /> when fetching should render loader 1`] = `
<div>
  <div
    class="loader"
  >
    <svg>
      <use
        href="function SvgIcons(props) {
  return React.createElement(
    'svg', 
    Object.assign({}, props, {'data-file-name': SvgIcons.name})
  );
}#icon-cw"
      />
    </svg>
  </div>
</div>
`;
