// Jest Snapshot v1, https://goo.gl/fbAQLP

exports[`<Loading/> renders 1`] = `
<div>
  <div
    data-testid="loading"
  >
    Loading...
  </div>
</div>
`;
